[2025-07-08T14:02:09.853] [INFO] access - POST /api/auth/login 200
[2025-07-08T14:05:09.177] [INFO] access - POST /api/auth/login 400
[2025-07-08T14:05:13.579] [INFO] access - POST /api/auth/login 400
[2025-07-08T14:05:14.137] [INFO] access - POST /api/auth/login 400
[2025-07-08T14:05:14.335] [INFO] access - POST /api/auth/login 400
[2025-07-08T14:05:14.689] [INFO] access - POST /api/auth/login 400
[2025-07-08T14:05:14.872] [INFO] access - POST /api/auth/login 429
[2025-07-08T14:05:16.462] [INFO] access - POST /api/auth/login 429
[2025-07-08T14:05:16.664] [INFO] access - POST /api/auth/login 429
[2025-07-08T14:05:16.873] [INFO] access - POST /api/auth/login 429
[2025-07-08T14:05:17.069] [INFO] access - POST /api/auth/login 429
[2025-07-08T14:05:18.414] [INFO] access - POST /api/auth/login 429
[2025-07-08T14:05:18.590] [INFO] access - POST /api/auth/login 429
[2025-07-08T14:05:18.776] [INFO] access - POST /api/auth/login 429
[2025-07-08T14:05:18.951] [INFO] access - POST /api/auth/login 429
[2025-07-08T14:05:19.121] [INFO] access - POST /api/auth/login 429
[2025-07-08T14:05:19.282] [INFO] access - POST /api/auth/login 429
[2025-07-08T14:05:19.472] [INFO] access - POST /api/auth/login 429
[2025-07-08T14:05:19.675] [INFO] access - POST /api/auth/login 429
[2025-07-08T14:05:19.859] [INFO] access - POST /api/auth/login 429
[2025-07-08T14:05:20.070] [INFO] access - POST /api/auth/login 429
[2025-07-08T14:05:20.259] [INFO] access - POST /api/auth/login 429
[2025-07-08T14:05:20.456] [INFO] access - POST /api/auth/login 429
[2025-07-08T14:05:22.667] [INFO] access - POST /api/auth/login 429
[2025-07-08T14:05:22.878] [INFO] access - POST /api/auth/login 429
[2025-07-08T14:05:23.037] [INFO] access - POST /api/auth/login 429
[2025-07-09T13:02:52.924] [INFO] access - POST /api/auth/login 200
[2025-07-09T13:14:52.731] [INFO] access - POST /api/auth/login 200
[2025-07-09T13:15:01.519] [INFO] access - POST /api/auth/login 200
[2025-07-09T13:23:22.607] [INFO] access - POST /api/auth/login 200
[2025-07-09T13:23:23.921] [INFO] access - POST /api/auth/login 200
[2025-07-09T13:23:24.656] [INFO] access - POST /api/auth/login 200
[2025-07-09T13:23:25.741] [INFO] access - POST /api/auth/login 200
[2025-07-09T13:23:26.231] [INFO] access - POST /api/auth/login 200
[2025-07-09T13:23:26.472] [INFO] access - POST /api/auth/login 429
[2025-07-09T13:23:26.669] [INFO] access - POST /api/auth/login 429
[2025-07-09T13:23:26.867] [INFO] access - POST /api/auth/login 429
[2025-07-09T13:23:27.056] [INFO] access - POST /api/auth/login 429
[2025-07-09T13:23:28.600] [INFO] access - POST /api/auth/login 429
[2025-07-09T13:23:28.797] [INFO] access - POST /api/auth/login 429
[2025-07-09T13:23:28.996] [INFO] access - POST /api/auth/login 429
[2025-07-09T13:23:29.191] [INFO] access - POST /api/auth/login 429
[2025-07-09T13:23:29.397] [INFO] access - POST /api/auth/login 429
[2025-07-09T13:23:29.590] [INFO] access - POST /api/auth/login 429
[2025-07-09T13:23:29.773] [INFO] access - POST /api/auth/login 429
[2025-07-09T13:23:29.953] [INFO] access - POST /api/auth/login 429
[2025-07-09T13:23:30.145] [INFO] access - POST /api/auth/login 429
[2025-07-09T14:39:08.209] [INFO] access - POST /api/auth/login 200
[2025-07-09T14:42:02.742] [INFO] access - POST /api/auth/login 200
[2025-07-09T14:58:09.135] [INFO] access - POST /api/auth/register 201
[2025-07-09T14:59:00.353] [INFO] access - POST /api/auth/register 400
[2025-07-09T14:59:38.067] [INFO] access - POST /api/auth/register 201
[2025-07-09T15:05:48.387] [INFO] access - POST /api/auth/register 400
[2025-07-09T16:21:20.343] [INFO] access - POST /api/auth/login 200
[2025-07-09T16:21:41.925] [INFO] access - POST /api/auth/login 200
[2025-07-09T16:35:15.527] [INFO] access - POST /api/auth/login 200
[2025-07-09T16:53:14.894] [INFO] access - POST /api/auth/login 200
[2025-07-09T17:03:04.274] [INFO] access - POST /api/auth/login 200
[2025-07-09T17:03:04.288] [INFO] access - GET /api/documents 401
[2025-07-09T17:03:04.293] [INFO] access - GET /api/documents 401
[2025-07-09T17:05:53.066] [INFO] access - POST /api/auth/login 200
[2025-07-09T17:05:53.088] [INFO] access - GET /api/documents 401
[2025-07-09T17:05:53.091] [INFO] access - GET /api/documents 401
[2025-07-09T17:15:01.844] [INFO] access - GET /api/auth/me 401
[2025-07-09T17:15:04.239] [INFO] access - GET /api/auth/me 401
[2025-07-09T17:15:04.241] [INFO] access - GET /api/auth/me 401
[2025-07-09T17:15:07.325] [INFO] access - GET /api/auth/me 401
[2025-07-09T17:15:07.327] [INFO] access - GET /api/auth/me 401
[2025-07-09T17:15:10.585] [INFO] access - GET /api/auth/me 401
[2025-07-09T17:15:10.589] [INFO] access - GET /api/auth/me 401
[2025-07-09T17:15:13.902] [INFO] access - GET /api/auth/me 401
[2025-07-09T17:15:13.905] [INFO] access - GET /api/auth/me 401
[2025-07-09T17:15:16.820] [INFO] access - GET /api/auth/me 401
[2025-07-09T17:15:16.821] [INFO] access - GET /api/auth/me 401
[2025-07-09T17:15:19.874] [INFO] access - GET /api/auth/me 401
[2025-07-09T17:15:19.881] [INFO] access - GET /api/auth/me 401
[2025-07-09T17:15:22.864] [INFO] access - GET /api/auth/me 401
[2025-07-09T17:15:22.867] [INFO] access - GET /api/auth/me 401
[2025-07-09T17:15:26.037] [INFO] access - GET /api/auth/me 401
[2025-07-09T17:15:26.039] [INFO] access - GET /api/auth/me 401
[2025-07-09T17:15:29.191] [INFO] access - GET /api/auth/me 401
[2025-07-09T17:15:29.193] [INFO] access - GET /api/auth/me 401
[2025-07-09T17:15:33.727] [INFO] access - GET /api/auth/me 401
[2025-07-09T17:15:33.730] [INFO] access - GET /api/auth/me 401
[2025-07-09T17:15:37.577] [INFO] access - GET /api/auth/me 401
[2025-07-09T17:15:37.581] [INFO] access - GET /api/auth/me 401
[2025-07-09T17:15:41.301] [INFO] access - GET /api/auth/me 401
[2025-07-09T17:15:41.304] [INFO] access - GET /api/auth/me 401
[2025-07-09T17:15:53.845] [INFO] access - GET /api/auth/me 401
[2025-07-09T17:15:53.847] [INFO] access - GET /api/auth/me 401
[2025-07-09T17:15:56.142] [INFO] access - GET /api/auth/me 401
[2025-07-09T17:15:56.144] [INFO] access - GET /api/auth/me 401
[2025-07-09T17:15:59.688] [INFO] access - GET /api/auth/me 401
[2025-07-09T17:15:59.691] [INFO] access - GET /api/auth/me 401
[2025-07-09T17:16:03.985] [INFO] access - GET /api/auth/me 401
[2025-07-09T17:16:03.987] [INFO] access - GET /api/auth/me 401
[2025-07-09T17:16:08.168] [INFO] access - GET /api/auth/me 401
[2025-07-09T17:16:08.171] [INFO] access - GET /api/auth/me 401
[2025-07-09T17:16:12.537] [INFO] access - GET /api/auth/me 401
[2025-07-09T17:16:12.539] [INFO] access - GET /api/auth/me 401
[2025-07-09T17:16:16.517] [INFO] access - GET /api/auth/me 401
[2025-07-09T17:16:16.520] [INFO] access - GET /api/auth/me 401
[2025-07-09T17:16:20.610] [INFO] access - GET /api/auth/me 401
[2025-07-09T17:16:20.613] [INFO] access - GET /api/auth/me 401
[2025-07-09T17:16:24.505] [INFO] access - GET /api/auth/me 401
[2025-07-09T17:16:24.509] [INFO] access - GET /api/auth/me 401
[2025-07-09T17:16:28.333] [INFO] access - GET /api/auth/me 401
[2025-07-09T17:16:28.336] [INFO] access - GET /api/auth/me 401
[2025-07-09T17:16:32.458] [INFO] access - GET /api/auth/me 401
[2025-07-09T17:16:32.462] [INFO] access - GET /api/auth/me 401
[2025-07-09T17:16:36.245] [INFO] access - GET /api/auth/me 401
[2025-07-09T17:16:36.248] [INFO] access - GET /api/auth/me 401
[2025-07-09T17:16:40.520] [INFO] access - GET /api/auth/me 401
[2025-07-09T17:16:40.523] [INFO] access - GET /api/auth/me 401
[2025-07-09T17:16:49.658] [INFO] access - GET /api/auth/me 401
[2025-07-09T17:16:49.661] [INFO] access - GET /api/auth/me 401
[2025-07-09T17:16:54.609] [INFO] access - GET /api/auth/me 401
[2025-07-09T17:16:54.611] [INFO] access - GET /api/auth/me 401
[2025-07-09T17:17:02.826] [INFO] access - GET /api/auth/me 401
[2025-07-09T17:17:02.829] [INFO] access - GET /api/auth/me 401
[2025-07-09T17:17:06.284] [INFO] access - GET /api/auth/me 401
[2025-07-09T17:17:06.288] [INFO] access - GET /api/auth/me 401
[2025-07-09T17:17:12.390] [INFO] access - GET /api/auth/me 401
[2025-07-09T17:17:12.394] [INFO] access - GET /api/auth/me 401
[2025-07-09T17:17:15.911] [INFO] access - GET /api/auth/me 401
[2025-07-09T17:17:15.917] [INFO] access - GET /api/auth/me 401
[2025-07-09T17:17:21.834] [INFO] access - GET /api/auth/me 401
[2025-07-09T17:17:21.837] [INFO] access - GET /api/auth/me 401
[2025-07-09T17:17:25.562] [INFO] access - GET /api/auth/me 401
[2025-07-09T17:17:25.567] [INFO] access - GET /api/auth/me 401
[2025-07-09T17:17:32.084] [INFO] access - GET /api/auth/me 401
[2025-07-09T17:17:32.087] [INFO] access - GET /api/auth/me 401
[2025-07-09T17:17:35.367] [INFO] access - GET /api/auth/me 401
[2025-07-09T17:17:35.371] [INFO] access - GET /api/auth/me 401
[2025-07-09T17:17:44.480] [INFO] access - GET /api/auth/me 401
[2025-07-09T17:17:44.483] [INFO] access - GET /api/auth/me 401
[2025-07-09T17:17:48.788] [INFO] access - GET /api/auth/me 401
[2025-07-09T17:17:48.792] [INFO] access - GET /api/auth/me 401
[2025-07-09T17:17:57.197] [INFO] access - GET /api/auth/me 401
[2025-07-09T17:17:57.203] [INFO] access - GET /api/auth/me 401
[2025-07-09T17:18:01.933] [INFO] access - GET /api/auth/me 401
[2025-07-09T17:18:01.937] [INFO] access - GET /api/auth/me 401
[2025-07-09T17:18:10.216] [INFO] access - GET /api/auth/me 401
[2025-07-09T17:18:10.223] [INFO] access - GET /api/auth/me 401
[2025-07-09T17:18:14.526] [INFO] access - GET /api/auth/me 401
[2025-07-09T17:18:14.530] [INFO] access - GET /api/auth/me 401
[2025-07-09T17:18:20.689] [INFO] access - GET /api/auth/me 401
[2025-07-09T17:18:20.721] [INFO] access - GET /api/auth/me 401
[2025-07-09T17:18:25.100] [INFO] access - GET /api/auth/me 401
[2025-07-09T17:18:25.104] [INFO] access - GET /api/auth/me 401
[2025-07-09T17:18:29.452] [INFO] access - GET /api/auth/me 401
[2025-07-09T17:18:29.456] [INFO] access - GET /api/auth/me 401
[2025-07-09T17:18:35.050] [INFO] access - GET /api/auth/me 401
[2025-07-09T17:18:35.052] [INFO] access - GET /api/auth/me 401
[2025-07-09T17:18:41.389] [INFO] access - GET /api/auth/me 401
[2025-07-09T17:18:41.396] [INFO] access - GET /api/auth/me 401
[2025-07-09T17:18:48.308] [INFO] access - GET /api/auth/me 401
[2025-07-09T17:18:48.311] [INFO] access - GET /api/auth/me 401
[2025-07-09T17:18:53.122] [INFO] access - GET /api/auth/me 401
[2025-07-09T17:18:53.126] [INFO] access - GET /api/auth/me 401
[2025-07-09T17:18:56.957] [INFO] access - GET /api/auth/me 401
[2025-07-09T17:18:56.960] [INFO] access - GET /api/auth/me 401
[2025-07-09T17:19:00.707] [INFO] access - GET /api/auth/me 401
[2025-07-09T17:19:00.713] [INFO] access - GET /api/auth/me 401
[2025-07-09T17:19:04.713] [INFO] access - GET /api/auth/me 401
[2025-07-09T17:19:04.716] [INFO] access - GET /api/auth/me 401
[2025-07-09T17:19:08.448] [INFO] access - GET /api/auth/me 401
[2025-07-09T17:19:08.451] [INFO] access - GET /api/auth/me 401
[2025-07-09T17:19:12.328] [INFO] access - GET /api/auth/me 401
[2025-07-09T17:19:12.331] [INFO] access - GET /api/auth/me 401
[2025-07-09T17:19:16.007] [INFO] access - GET /api/auth/me 401
[2025-07-09T17:19:16.037] [INFO] access - GET /api/auth/me 401
[2025-07-09T17:19:19.471] [INFO] access - GET /api/auth/me 401
[2025-07-09T17:19:19.474] [INFO] access - GET /api/auth/me 401
[2025-07-09T17:19:23.081] [INFO] access - GET /api/auth/me 401
[2025-07-09T17:19:23.083] [INFO] access - GET /api/auth/me 401
[2025-07-09T17:19:26.441] [INFO] access - GET /api/auth/me 401
[2025-07-09T17:19:26.445] [INFO] access - GET /api/auth/me 401
[2025-07-09T17:19:29.868] [INFO] access - GET /api/auth/me 401
[2025-07-09T17:19:29.870] [INFO] access - GET /api/auth/me 401
[2025-07-09T17:19:33.516] [INFO] access - GET /api/auth/me 401
[2025-07-09T17:19:33.520] [INFO] access - GET /api/auth/me 401
[2025-07-09T17:19:36.813] [INFO] access - GET /api/auth/me 401
[2025-07-09T17:19:36.815] [INFO] access - GET /api/auth/me 401
[2025-07-09T17:19:40.274] [INFO] access - GET /api/auth/me 401
[2025-07-09T17:19:40.277] [INFO] access - GET /api/auth/me 401
[2025-07-09T17:19:43.792] [INFO] access - GET /api/auth/me 401
[2025-07-09T17:19:43.797] [INFO] access - GET /api/auth/me 401
[2025-07-09T17:19:47.400] [INFO] access - GET /api/auth/me 401
[2025-07-09T17:19:47.403] [INFO] access - GET /api/auth/me 401
[2025-07-09T17:19:51.076] [INFO] access - GET /api/auth/me 401
[2025-07-09T17:19:51.079] [INFO] access - GET /api/auth/me 401
[2025-07-09T17:19:54.833] [INFO] access - GET /api/auth/me 401
[2025-07-09T17:19:54.837] [INFO] access - GET /api/auth/me 401
[2025-07-09T17:19:58.752] [INFO] access - GET /api/auth/me 401
[2025-07-09T17:19:58.756] [INFO] access - GET /api/auth/me 401
[2025-07-09T17:20:02.791] [INFO] access - GET /api/auth/me 401
[2025-07-09T17:20:02.794] [INFO] access - GET /api/auth/me 401
[2025-07-09T17:20:06.679] [INFO] access - GET /api/auth/me 401
[2025-07-09T17:20:06.683] [INFO] access - GET /api/auth/me 401
[2025-07-09T17:21:52.959] [INFO] access - GET /api/auth/me 401
[2025-07-09T17:21:52.961] [INFO] access - GET /api/auth/me 401
[2025-07-09T17:21:53.480] [INFO] access - GET /api/auth/me 401
[2025-07-09T17:21:53.483] [INFO] access - GET /api/auth/me 401
[2025-07-09T17:21:53.853] [INFO] access - GET /api/auth/me 401
[2025-07-09T17:21:53.856] [INFO] access - GET /api/auth/me 401
[2025-07-09T17:21:54.017] [INFO] access - GET /api/auth/me 401
[2025-07-09T17:21:54.021] [INFO] access - GET /api/auth/me 401
[2025-07-09T17:21:54.201] [INFO] access - GET /api/auth/me 401
[2025-07-09T17:21:54.204] [INFO] access - GET /api/auth/me 401
[2025-07-09T17:21:54.378] [INFO] access - GET /api/auth/me 401
[2025-07-09T17:21:54.380] [INFO] access - GET /api/auth/me 401
[2025-07-09T17:21:54.547] [INFO] access - GET /api/auth/me 401
[2025-07-09T17:21:54.550] [INFO] access - GET /api/auth/me 401
[2025-07-09T17:21:54.709] [INFO] access - GET /api/auth/me 401
[2025-07-09T17:21:54.712] [INFO] access - GET /api/auth/me 401
[2025-07-09T17:21:54.895] [INFO] access - GET /api/auth/me 401
[2025-07-09T17:21:54.898] [INFO] access - GET /api/auth/me 401
[2025-07-09T17:21:55.052] [INFO] access - GET /api/auth/me 401
[2025-07-09T17:21:55.055] [INFO] access - GET /api/auth/me 401
[2025-07-09T17:21:55.203] [INFO] access - GET /api/auth/me 401
[2025-07-09T17:21:55.205] [INFO] access - GET /api/auth/me 401
[2025-07-09T17:21:55.366] [INFO] access - GET /api/auth/me 401
[2025-07-09T17:21:55.369] [INFO] access - GET /api/auth/me 401
[2025-07-09T17:21:55.515] [INFO] access - GET /api/auth/me 401
[2025-07-09T17:21:55.517] [INFO] access - GET /api/auth/me 401
[2025-07-09T17:21:55.669] [INFO] access - GET /api/auth/me 401
[2025-07-09T17:21:55.671] [INFO] access - GET /api/auth/me 401
[2025-07-09T17:21:55.849] [INFO] access - GET /api/auth/me 401
[2025-07-09T17:21:55.851] [INFO] access - GET /api/auth/me 401
[2025-07-09T17:21:56.019] [INFO] access - GET /api/auth/me 401
[2025-07-09T17:21:56.022] [INFO] access - GET /api/auth/me 401
[2025-07-09T17:21:56.173] [INFO] access - GET /api/auth/me 401
[2025-07-09T17:21:56.175] [INFO] access - GET /api/auth/me 401
[2025-07-09T17:21:56.316] [INFO] access - GET /api/auth/me 401
[2025-07-09T17:21:56.318] [INFO] access - GET /api/auth/me 401
[2025-07-09T17:21:56.471] [INFO] access - GET /api/auth/me 401
[2025-07-09T17:21:56.473] [INFO] access - GET /api/auth/me 401
[2025-07-09T17:21:56.632] [INFO] access - GET /api/auth/me 401
[2025-07-09T17:21:56.635] [INFO] access - GET /api/auth/me 401
[2025-07-09T17:21:56.786] [INFO] access - GET /api/auth/me 401
[2025-07-09T17:21:56.790] [INFO] access - GET /api/auth/me 401
[2025-07-09T17:21:56.927] [INFO] access - GET /api/auth/me 401
[2025-07-09T17:21:56.931] [INFO] access - GET /api/auth/me 401
[2025-07-09T17:21:57.076] [INFO] access - GET /api/auth/me 401
[2025-07-09T17:21:57.078] [INFO] access - GET /api/auth/me 401
[2025-07-09T17:21:57.219] [INFO] access - GET /api/auth/me 401
[2025-07-09T17:21:57.221] [INFO] access - GET /api/auth/me 401
[2025-07-09T17:21:57.365] [INFO] access - GET /api/auth/me 401
[2025-07-09T17:21:57.367] [INFO] access - GET /api/auth/me 401
[2025-07-09T17:21:57.508] [INFO] access - GET /api/auth/me 401
[2025-07-09T17:21:57.510] [INFO] access - GET /api/auth/me 401
[2025-07-09T17:21:57.669] [INFO] access - GET /api/auth/me 401
[2025-07-09T17:21:57.671] [INFO] access - GET /api/auth/me 401
[2025-07-09T17:21:57.828] [INFO] access - GET /api/auth/me 401
[2025-07-09T17:21:57.830] [INFO] access - GET /api/auth/me 401
[2025-07-09T17:21:58.000] [INFO] access - GET /api/auth/me 401
[2025-07-09T17:21:58.003] [INFO] access - GET /api/auth/me 401
[2025-07-09T17:21:58.146] [INFO] access - GET /api/auth/me 401
[2025-07-09T17:21:58.148] [INFO] access - GET /api/auth/me 401
[2025-07-09T17:21:58.289] [INFO] access - GET /api/auth/me 401
[2025-07-09T17:21:58.290] [INFO] access - GET /api/auth/me 401
[2025-07-09T17:21:58.437] [INFO] access - GET /api/auth/me 401
[2025-07-09T17:21:58.438] [INFO] access - GET /api/auth/me 401
[2025-07-09T17:21:58.625] [INFO] access - GET /api/auth/me 401
[2025-07-09T17:21:58.628] [INFO] access - GET /api/auth/me 401
[2025-07-09T17:21:58.797] [INFO] access - GET /api/auth/me 401
[2025-07-09T17:21:58.799] [INFO] access - GET /api/auth/me 401
[2025-07-09T17:21:59.253] [INFO] access - GET /api/auth/me 401
[2025-07-09T17:21:59.255] [INFO] access - GET /api/auth/me 401
[2025-07-09T17:22:03.390] [INFO] access - GET /api/auth/me 401
[2025-07-09T17:22:03.393] [INFO] access - GET /api/auth/me 401
[2025-07-09T17:22:05.724] [INFO] access - GET /api/auth/me 401
[2025-07-09T17:22:05.726] [INFO] access - GET /api/auth/me 401
[2025-07-09T17:22:12.433] [INFO] access - GET /api/auth/me 401
[2025-07-09T17:22:12.436] [INFO] access - GET /api/auth/me 401
[2025-07-09T17:22:14.959] [INFO] access - GET /api/auth/me 401
[2025-07-09T17:22:14.961] [INFO] access - GET /api/auth/me 401
[2025-07-09T17:22:20.213] [INFO] access - GET /api/auth/me 401
[2025-07-09T17:22:20.216] [INFO] access - GET /api/auth/me 401
[2025-07-09T17:22:23.946] [INFO] access - GET /api/auth/me 401
[2025-07-09T17:22:23.949] [INFO] access - GET /api/auth/me 401
[2025-07-09T17:22:29.402] [INFO] access - GET /api/auth/me 401
[2025-07-09T17:22:29.405] [INFO] access - GET /api/auth/me 401
[2025-07-09T17:22:33.083] [INFO] access - GET /api/auth/me 401
[2025-07-09T17:22:33.086] [INFO] access - GET /api/auth/me 401
[2025-07-09T17:22:37.112] [INFO] access - GET /api/auth/me 401
[2025-07-09T17:22:37.115] [INFO] access - GET /api/auth/me 401
[2025-07-09T17:22:40.755] [INFO] access - GET /api/auth/me 401
[2025-07-09T17:22:40.757] [INFO] access - GET /api/auth/me 401
[2025-07-09T17:22:44.626] [INFO] access - GET /api/auth/me 401
[2025-07-09T17:22:44.628] [INFO] access - GET /api/auth/me 401
[2025-07-09T17:22:48.621] [INFO] access - GET /api/auth/me 401
[2025-07-09T17:22:48.624] [INFO] access - GET /api/auth/me 401
[2025-07-09T17:22:52.733] [INFO] access - GET /api/auth/me 401
[2025-07-09T17:22:52.736] [INFO] access - GET /api/auth/me 401
[2025-07-09T17:22:56.734] [INFO] access - GET /api/auth/me 401
[2025-07-09T17:22:56.737] [INFO] access - GET /api/auth/me 401
[2025-07-09T17:23:00.908] [INFO] access - GET /api/auth/me 401
[2025-07-09T17:23:00.911] [INFO] access - GET /api/auth/me 401
[2025-07-09T17:23:04.959] [INFO] access - GET /api/auth/me 401
[2025-07-09T17:23:04.962] [INFO] access - GET /api/auth/me 401
[2025-07-09T17:23:08.897] [INFO] access - GET /api/auth/me 401
[2025-07-09T17:23:08.900] [INFO] access - GET /api/auth/me 401
[2025-07-09T17:23:12.987] [INFO] access - GET /api/auth/me 401
[2025-07-09T17:23:12.989] [INFO] access - GET /api/auth/me 401
[2025-07-09T17:23:17.599] [INFO] access - GET /api/auth/me 401
[2025-07-09T17:23:17.601] [INFO] access - GET /api/auth/me 401
[2025-07-09T17:23:23.235] [INFO] access - GET /api/auth/me 401
[2025-07-09T17:23:23.239] [INFO] access - GET /api/auth/me 401
[2025-07-09T17:23:29.205] [INFO] access - GET /api/auth/me 401
[2025-07-09T17:23:29.213] [INFO] access - GET /api/auth/me 401
[2025-07-09T17:23:33.687] [INFO] access - GET /api/auth/me 401
[2025-07-09T17:23:33.693] [INFO] access - GET /api/auth/me 401
[2025-07-09T17:23:40.306] [INFO] access - GET /api/auth/me 401
[2025-07-09T17:23:40.307] [INFO] access - GET /api/auth/me 401
[2025-07-09T17:23:46.420] [INFO] access - GET /api/auth/me 401
[2025-07-09T17:23:46.422] [INFO] access - GET /api/auth/me 401
[2025-07-09T17:23:51.832] [INFO] access - GET /api/auth/me 401
[2025-07-09T17:23:51.834] [INFO] access - GET /api/auth/me 401
[2025-07-09T17:23:57.677] [INFO] access - GET /api/auth/me 401
[2025-07-09T17:23:57.679] [INFO] access - GET /api/auth/me 401
[2025-07-09T17:24:03.203] [INFO] access - GET /api/auth/me 401
[2025-07-09T17:24:03.206] [INFO] access - GET /api/auth/me 401
[2025-07-09T17:24:07.478] [INFO] access - GET /api/auth/me 401
[2025-07-09T17:24:07.480] [INFO] access - GET /api/auth/me 401
[2025-07-09T17:24:11.929] [INFO] access - GET /api/auth/me 401
[2025-07-09T17:24:11.930] [INFO] access - GET /api/auth/me 401
[2025-07-09T17:24:16.687] [INFO] access - GET /api/auth/me 401
[2025-07-09T17:24:16.689] [INFO] access - GET /api/auth/me 401
[2025-07-09T17:24:21.223] [INFO] access - GET /api/auth/me 401
[2025-07-09T17:24:21.226] [INFO] access - GET /api/auth/me 401
[2025-07-09T17:24:25.968] [INFO] access - GET /api/auth/me 401
[2025-07-09T17:24:25.969] [INFO] access - GET /api/auth/me 401
[2025-07-09T17:24:30.886] [INFO] access - GET /api/auth/me 401
[2025-07-09T17:24:30.888] [INFO] access - GET /api/auth/me 401
[2025-07-09T17:24:34.942] [INFO] access - GET /api/auth/me 401
[2025-07-09T17:24:34.944] [INFO] access - GET /api/auth/me 401
[2025-07-09T17:24:54.674] [INFO] access - GET /api/auth/me 401
[2025-07-09T17:24:54.678] [INFO] access - GET /api/auth/me 401
[2025-07-09T17:24:59.651] [INFO] access - GET /api/auth/me 401
[2025-07-09T17:24:59.653] [INFO] access - GET /api/auth/me 401
[2025-07-09T17:25:03.720] [INFO] access - GET /api/auth/me 401
[2025-07-09T17:25:03.724] [INFO] access - GET /api/auth/me 401
[2025-07-09T17:25:09.080] [INFO] access - GET /api/auth/me 401
[2025-07-09T17:25:09.084] [INFO] access - GET /api/auth/me 401
[2025-07-09T17:25:13.175] [INFO] access - GET /api/auth/me 401
[2025-07-09T17:25:13.180] [INFO] access - GET /api/auth/me 401
[2025-07-09T17:26:42.423] [INFO] access - GET /api/auth/me 401
[2025-07-09T17:26:42.426] [INFO] access - GET /api/auth/me 401
[2025-07-09T17:26:43.057] [INFO] access - GET /api/auth/me 401
[2025-07-09T17:26:43.060] [INFO] access - GET /api/auth/me 401
[2025-07-09T17:26:43.345] [INFO] access - GET /api/auth/me 401
[2025-07-09T17:26:43.348] [INFO] access - GET /api/auth/me 401
[2025-07-09T17:26:43.544] [INFO] access - GET /api/auth/me 401
[2025-07-09T17:26:43.549] [INFO] access - GET /api/auth/me 401
[2025-07-09T17:26:43.756] [INFO] access - GET /api/auth/me 401
[2025-07-09T17:26:43.758] [INFO] access - GET /api/auth/me 401
[2025-07-09T17:26:43.944] [INFO] access - GET /api/auth/me 401
[2025-07-09T17:26:43.947] [INFO] access - GET /api/auth/me 401
[2025-07-09T17:26:44.129] [INFO] access - GET /api/auth/me 401
[2025-07-09T17:26:44.131] [INFO] access - GET /api/auth/me 401
[2025-07-09T17:26:44.312] [INFO] access - GET /api/auth/me 401
[2025-07-09T17:26:44.316] [INFO] access - GET /api/auth/me 401
[2025-07-09T17:26:44.478] [INFO] access - GET /api/auth/me 401
[2025-07-09T17:26:44.481] [INFO] access - GET /api/auth/me 401
[2025-07-09T17:26:44.641] [INFO] access - GET /api/auth/me 401
[2025-07-09T17:26:44.645] [INFO] access - GET /api/auth/me 401
[2025-07-09T17:26:44.791] [INFO] access - GET /api/auth/me 401
[2025-07-09T17:26:44.793] [INFO] access - GET /api/auth/me 401
[2025-07-09T17:26:44.966] [INFO] access - GET /api/auth/me 401
[2025-07-09T17:26:44.967] [INFO] access - GET /api/auth/me 401
[2025-07-09T17:26:45.141] [INFO] access - GET /api/auth/me 401
[2025-07-09T17:26:45.143] [INFO] access - GET /api/auth/me 401
[2025-07-09T17:26:47.546] [INFO] access - GET /api/auth/me 401
[2025-07-09T17:26:47.549] [INFO] access - GET /api/auth/me 401
[2025-07-09T17:26:51.978] [INFO] access - GET /api/auth/me 401
[2025-07-09T17:26:51.981] [INFO] access - GET /api/auth/me 401
[2025-07-09T17:27:52.268] [INFO] access - GET /api/auth/me 401
[2025-07-09T17:27:52.416] [INFO] access - GET /favicon.ico 404
[2025-07-09T17:29:02.251] [INFO] access - GET /api/auth/me 401
[2025-07-09T17:29:02.254] [INFO] access - GET /api/auth/me 401
[2025-07-09T17:29:05.309] [INFO] access - GET /api/auth/me 401
[2025-07-09T17:29:05.311] [INFO] access - GET /api/auth/me 401
[2025-07-09T17:29:08.714] [INFO] access - GET /api/auth/me 401
[2025-07-09T17:29:08.716] [INFO] access - GET /api/auth/me 401
[2025-07-09T17:29:39.725] [INFO] access - GET /api/auth/me 401
[2025-07-09T17:29:39.729] [INFO] access - GET /api/auth/me 401
[2025-07-09T17:29:42.387] [INFO] access - GET /api/auth/me 401
[2025-07-09T17:29:42.389] [INFO] access - GET /api/auth/me 401
