[2025-07-08T14:02:09.774] [DEBUG] default - POST /auth/login - Attempting to login
[2025-07-08T14:02:09.850] [INFO] default - Login successful for user: 6862800e3ad036786d5cbfa9
[2025-07-08T14:05:09.172] [DEBUG] default - POST /auth/login - Attempting to login
[2025-07-08T14:05:09.176] [ERROR] default - Login failed: Invalid email or password
[2025-07-08T14:05:13.576] [DEBUG] default - POST /auth/login - Attempting to login
[2025-07-08T14:05:13.578] [ERROR] default - Login failed: Invalid email or password
[2025-07-08T14:05:14.134] [DEBUG] default - POST /auth/login - Attempting to login
[2025-07-08T14:05:14.136] [ERROR] default - Login failed: Invalid email or password
[2025-07-08T14:05:14.331] [DEBUG] default - POST /auth/login - Attempting to login
[2025-07-08T14:05:14.334] [ERROR] default - Login failed: Invalid email or password
[2025-07-08T14:05:14.685] [DEBUG] default - POST /auth/login - Attempting to login
[2025-07-08T14:05:14.688] [ERROR] default - Login failed: Invalid email or password
[2025-07-09T13:02:52.848] [DEBUG] default - POST /auth/login - Attempting to login
[2025-07-09T13:02:52.922] [INFO] default - Login successful for user: 6862800e3ad036786d5cbfa9
[2025-07-09T13:14:52.579] [DEBUG] default - POST /auth/login - Attempting to login
[2025-07-09T13:14:52.720] [INFO] default - Login successful for user: 6862800e3ad036786d5cbfa9
[2025-07-09T13:15:01.348] [DEBUG] default - POST /auth/login - Attempting to login
[2025-07-09T13:15:01.514] [INFO] default - Login successful for user: 6862800e3ad036786d5cbfa9
[2025-07-09T13:23:22.547] [DEBUG] default - POST /auth/login - Attempting to login
[2025-07-09T13:23:22.606] [INFO] default - Login successful for user: 6862800e3ad036786d5cbfa9
[2025-07-09T13:23:23.862] [DEBUG] default - POST /auth/login - Attempting to login
[2025-07-09T13:23:23.920] [INFO] default - Login successful for user: 6862800e3ad036786d5cbfa9
[2025-07-09T13:23:24.593] [DEBUG] default - POST /auth/login - Attempting to login
[2025-07-09T13:23:24.655] [INFO] default - Login successful for user: 6862800e3ad036786d5cbfa9
[2025-07-09T13:23:25.681] [DEBUG] default - POST /auth/login - Attempting to login
[2025-07-09T13:23:25.740] [INFO] default - Login successful for user: 6862800e3ad036786d5cbfa9
[2025-07-09T13:23:26.170] [DEBUG] default - POST /auth/login - Attempting to login
[2025-07-09T13:23:26.230] [INFO] default - Login successful for user: 6862800e3ad036786d5cbfa9
[2025-07-09T14:39:08.120] [DEBUG] default - POST /auth/login - Attempting to login
[2025-07-09T14:39:08.206] [INFO] default - Login successful for user: 6862800e3ad036786d5cbfa9
[2025-07-09T14:42:02.655] [DEBUG] default - POST /auth/login - Attempting to login
[2025-07-09T14:42:02.740] [INFO] default - Login successful for user: 6862800e3ad036786d5cbfa9
[2025-07-09T14:58:08.918] [DEBUG] default - POST /auth/register - Attempting to register new user
[2025-07-09T14:58:09.134] [INFO] default - User registered successfully: 686e59516599e1277b0a32b7
[2025-07-09T14:59:00.347] [DEBUG] default - POST /auth/register - Attempting to register new user
[2025-07-09T14:59:00.351] [ERROR] default - Registration failed: User already exists
[2025-07-09T14:59:37.922] [DEBUG] default - POST /auth/register - Attempting to register new user
[2025-07-09T14:59:38.065] [INFO] default - User registered successfully: 686e59aa6599e1277b0a32bb
[2025-07-09T15:05:48.382] [DEBUG] default - POST /auth/register - Attempting to register new user
[2025-07-09T15:05:48.386] [ERROR] default - Registration failed: User already exists
[2025-07-09T16:21:20.257] [DEBUG] default - POST /auth/login - Attempting to login
[2025-07-09T16:21:20.340] [INFO] default - Login successful for user: 6862800e3ad036786d5cbfa9
[2025-07-09T16:21:41.787] [DEBUG] default - POST /auth/login - Attempting to login
[2025-07-09T16:21:41.924] [INFO] default - Login successful for user: 6862800e3ad036786d5cbfa9
[2025-07-09T16:35:15.454] [DEBUG] default - POST /auth/login - Attempting to login
[2025-07-09T16:35:15.525] [INFO] default - Login successful for user: 6862800e3ad036786d5cbfa9
[2025-07-09T16:53:14.783] [DEBUG] default - POST /auth/login - Attempting to login
[2025-07-09T16:53:14.891] [INFO] default - Login successful for user: 6862800e3ad036786d5cbfa9
[2025-07-09T17:03:04.199] [DEBUG] default - POST /auth/login - Attempting to login
[2025-07-09T17:03:04.272] [INFO] default - Login successful for user: 6862800e3ad036786d5cbfa9
[2025-07-09T17:03:04.286] [WARN] default - Authorization failed: No token provided
[2025-07-09T17:03:04.290] [WARN] default - Authorization failed: No token provided
[2025-07-09T17:05:53.006] [DEBUG] default - POST /auth/login - Attempting to login
[2025-07-09T17:05:53.065] [INFO] default - Login successful for user: 6862800e3ad036786d5cbfa9
[2025-07-09T17:05:53.087] [WARN] default - Authorization failed: No token provided
[2025-07-09T17:05:53.090] [WARN] default - Authorization failed: No token provided
[2025-07-09T17:15:01.842] [WARN] default - Authorization failed: No token provided
[2025-07-09T17:15:04.237] [WARN] default - Authorization failed: No token provided
[2025-07-09T17:15:04.240] [WARN] default - Authorization failed: No token provided
[2025-07-09T17:15:07.323] [WARN] default - Authorization failed: No token provided
[2025-07-09T17:15:07.326] [WARN] default - Authorization failed: No token provided
[2025-07-09T17:15:10.583] [WARN] default - Authorization failed: No token provided
[2025-07-09T17:15:10.587] [WARN] default - Authorization failed: No token provided
[2025-07-09T17:15:13.900] [WARN] default - Authorization failed: No token provided
[2025-07-09T17:15:13.903] [WARN] default - Authorization failed: No token provided
[2025-07-09T17:15:16.819] [WARN] default - Authorization failed: No token provided
[2025-07-09T17:15:16.821] [WARN] default - Authorization failed: No token provided
[2025-07-09T17:15:19.873] [WARN] default - Authorization failed: No token provided
[2025-07-09T17:15:19.880] [WARN] default - Authorization failed: No token provided
[2025-07-09T17:15:22.863] [WARN] default - Authorization failed: No token provided
[2025-07-09T17:15:22.866] [WARN] default - Authorization failed: No token provided
[2025-07-09T17:15:26.035] [WARN] default - Authorization failed: No token provided
[2025-07-09T17:15:26.038] [WARN] default - Authorization failed: No token provided
[2025-07-09T17:15:29.189] [WARN] default - Authorization failed: No token provided
[2025-07-09T17:15:29.192] [WARN] default - Authorization failed: No token provided
[2025-07-09T17:15:33.725] [WARN] default - Authorization failed: No token provided
[2025-07-09T17:15:33.729] [WARN] default - Authorization failed: No token provided
[2025-07-09T17:15:37.575] [WARN] default - Authorization failed: No token provided
[2025-07-09T17:15:37.578] [WARN] default - Authorization failed: No token provided
[2025-07-09T17:15:41.299] [WARN] default - Authorization failed: No token provided
[2025-07-09T17:15:41.302] [WARN] default - Authorization failed: No token provided
[2025-07-09T17:15:53.844] [WARN] default - Authorization failed: No token provided
[2025-07-09T17:15:53.846] [WARN] default - Authorization failed: No token provided
[2025-07-09T17:15:56.140] [WARN] default - Authorization failed: No token provided
[2025-07-09T17:15:56.143] [WARN] default - Authorization failed: No token provided
[2025-07-09T17:15:59.686] [WARN] default - Authorization failed: No token provided
[2025-07-09T17:15:59.690] [WARN] default - Authorization failed: No token provided
[2025-07-09T17:16:03.983] [WARN] default - Authorization failed: No token provided
[2025-07-09T17:16:03.986] [WARN] default - Authorization failed: No token provided
[2025-07-09T17:16:08.167] [WARN] default - Authorization failed: No token provided
[2025-07-09T17:16:08.170] [WARN] default - Authorization failed: No token provided
[2025-07-09T17:16:12.535] [WARN] default - Authorization failed: No token provided
[2025-07-09T17:16:12.538] [WARN] default - Authorization failed: No token provided
[2025-07-09T17:16:16.514] [WARN] default - Authorization failed: No token provided
[2025-07-09T17:16:16.518] [WARN] default - Authorization failed: No token provided
[2025-07-09T17:16:20.607] [WARN] default - Authorization failed: No token provided
[2025-07-09T17:16:20.612] [WARN] default - Authorization failed: No token provided
[2025-07-09T17:16:24.503] [WARN] default - Authorization failed: No token provided
[2025-07-09T17:16:24.507] [WARN] default - Authorization failed: No token provided
[2025-07-09T17:16:28.331] [WARN] default - Authorization failed: No token provided
[2025-07-09T17:16:28.334] [WARN] default - Authorization failed: No token provided
[2025-07-09T17:16:32.455] [WARN] default - Authorization failed: No token provided
[2025-07-09T17:16:32.460] [WARN] default - Authorization failed: No token provided
[2025-07-09T17:16:36.243] [WARN] default - Authorization failed: No token provided
[2025-07-09T17:16:36.247] [WARN] default - Authorization failed: No token provided
[2025-07-09T17:16:40.517] [WARN] default - Authorization failed: No token provided
[2025-07-09T17:16:40.521] [WARN] default - Authorization failed: No token provided
[2025-07-09T17:16:49.656] [WARN] default - Authorization failed: No token provided
[2025-07-09T17:16:49.659] [WARN] default - Authorization failed: No token provided
[2025-07-09T17:16:54.608] [WARN] default - Authorization failed: No token provided
[2025-07-09T17:16:54.610] [WARN] default - Authorization failed: No token provided
[2025-07-09T17:17:02.824] [WARN] default - Authorization failed: No token provided
[2025-07-09T17:17:02.827] [WARN] default - Authorization failed: No token provided
[2025-07-09T17:17:06.283] [WARN] default - Authorization failed: No token provided
[2025-07-09T17:17:06.287] [WARN] default - Authorization failed: No token provided
[2025-07-09T17:17:12.388] [WARN] default - Authorization failed: No token provided
[2025-07-09T17:17:12.393] [WARN] default - Authorization failed: No token provided
[2025-07-09T17:17:15.909] [WARN] default - Authorization failed: No token provided
[2025-07-09T17:17:15.914] [WARN] default - Authorization failed: No token provided
[2025-07-09T17:17:21.832] [WARN] default - Authorization failed: No token provided
[2025-07-09T17:17:21.835] [WARN] default - Authorization failed: No token provided
[2025-07-09T17:17:25.560] [WARN] default - Authorization failed: No token provided
[2025-07-09T17:17:25.564] [WARN] default - Authorization failed: No token provided
[2025-07-09T17:17:32.082] [WARN] default - Authorization failed: No token provided
[2025-07-09T17:17:32.085] [WARN] default - Authorization failed: No token provided
[2025-07-09T17:17:35.365] [WARN] default - Authorization failed: No token provided
[2025-07-09T17:17:35.369] [WARN] default - Authorization failed: No token provided
[2025-07-09T17:17:44.478] [WARN] default - Authorization failed: No token provided
[2025-07-09T17:17:44.482] [WARN] default - Authorization failed: No token provided
[2025-07-09T17:17:48.786] [WARN] default - Authorization failed: No token provided
[2025-07-09T17:17:48.790] [WARN] default - Authorization failed: No token provided
[2025-07-09T17:17:57.195] [WARN] default - Authorization failed: No token provided
[2025-07-09T17:17:57.201] [WARN] default - Authorization failed: No token provided
[2025-07-09T17:18:01.931] [WARN] default - Authorization failed: No token provided
[2025-07-09T17:18:01.935] [WARN] default - Authorization failed: No token provided
[2025-07-09T17:18:10.214] [WARN] default - Authorization failed: No token provided
[2025-07-09T17:18:10.220] [WARN] default - Authorization failed: No token provided
[2025-07-09T17:18:14.524] [WARN] default - Authorization failed: No token provided
[2025-07-09T17:18:14.528] [WARN] default - Authorization failed: No token provided
[2025-07-09T17:18:20.687] [WARN] default - Authorization failed: No token provided
[2025-07-09T17:18:20.719] [WARN] default - Authorization failed: No token provided
[2025-07-09T17:18:25.098] [WARN] default - Authorization failed: No token provided
[2025-07-09T17:18:25.102] [WARN] default - Authorization failed: No token provided
[2025-07-09T17:18:29.450] [WARN] default - Authorization failed: No token provided
[2025-07-09T17:18:29.454] [WARN] default - Authorization failed: No token provided
[2025-07-09T17:18:35.048] [WARN] default - Authorization failed: No token provided
[2025-07-09T17:18:35.051] [WARN] default - Authorization failed: No token provided
[2025-07-09T17:18:41.388] [WARN] default - Authorization failed: No token provided
[2025-07-09T17:18:41.392] [WARN] default - Authorization failed: No token provided
[2025-07-09T17:18:48.306] [WARN] default - Authorization failed: No token provided
[2025-07-09T17:18:48.310] [WARN] default - Authorization failed: No token provided
[2025-07-09T17:18:53.121] [WARN] default - Authorization failed: No token provided
[2025-07-09T17:18:53.125] [WARN] default - Authorization failed: No token provided
[2025-07-09T17:18:56.956] [WARN] default - Authorization failed: No token provided
[2025-07-09T17:18:56.959] [WARN] default - Authorization failed: No token provided
[2025-07-09T17:19:00.704] [WARN] default - Authorization failed: No token provided
[2025-07-09T17:19:00.710] [WARN] default - Authorization failed: No token provided
[2025-07-09T17:19:04.712] [WARN] default - Authorization failed: No token provided
[2025-07-09T17:19:04.715] [WARN] default - Authorization failed: No token provided
[2025-07-09T17:19:08.446] [WARN] default - Authorization failed: No token provided
[2025-07-09T17:19:08.450] [WARN] default - Authorization failed: No token provided
[2025-07-09T17:19:12.326] [WARN] default - Authorization failed: No token provided
[2025-07-09T17:19:12.329] [WARN] default - Authorization failed: No token provided
[2025-07-09T17:19:16.005] [WARN] default - Authorization failed: No token provided
[2025-07-09T17:19:16.035] [WARN] default - Authorization failed: No token provided
[2025-07-09T17:19:19.469] [WARN] default - Authorization failed: No token provided
[2025-07-09T17:19:19.473] [WARN] default - Authorization failed: No token provided
[2025-07-09T17:19:23.079] [WARN] default - Authorization failed: No token provided
[2025-07-09T17:19:23.082] [WARN] default - Authorization failed: No token provided
[2025-07-09T17:19:26.439] [WARN] default - Authorization failed: No token provided
[2025-07-09T17:19:26.443] [WARN] default - Authorization failed: No token provided
[2025-07-09T17:19:29.866] [WARN] default - Authorization failed: No token provided
[2025-07-09T17:19:29.869] [WARN] default - Authorization failed: No token provided
[2025-07-09T17:19:33.514] [WARN] default - Authorization failed: No token provided
[2025-07-09T17:19:33.518] [WARN] default - Authorization failed: No token provided
[2025-07-09T17:19:36.811] [WARN] default - Authorization failed: No token provided
[2025-07-09T17:19:36.814] [WARN] default - Authorization failed: No token provided
[2025-07-09T17:19:40.273] [WARN] default - Authorization failed: No token provided
[2025-07-09T17:19:40.275] [WARN] default - Authorization failed: No token provided
[2025-07-09T17:19:43.791] [WARN] default - Authorization failed: No token provided
[2025-07-09T17:19:43.794] [WARN] default - Authorization failed: No token provided
[2025-07-09T17:19:47.398] [WARN] default - Authorization failed: No token provided
[2025-07-09T17:19:47.401] [WARN] default - Authorization failed: No token provided
[2025-07-09T17:19:51.073] [WARN] default - Authorization failed: No token provided
[2025-07-09T17:19:51.077] [WARN] default - Authorization failed: No token provided
[2025-07-09T17:19:54.831] [WARN] default - Authorization failed: No token provided
[2025-07-09T17:19:54.835] [WARN] default - Authorization failed: No token provided
[2025-07-09T17:19:58.751] [WARN] default - Authorization failed: No token provided
[2025-07-09T17:19:58.754] [WARN] default - Authorization failed: No token provided
[2025-07-09T17:20:02.790] [WARN] default - Authorization failed: No token provided
[2025-07-09T17:20:02.793] [WARN] default - Authorization failed: No token provided
[2025-07-09T17:20:06.678] [WARN] default - Authorization failed: No token provided
[2025-07-09T17:20:06.681] [WARN] default - Authorization failed: No token provided
[2025-07-09T17:21:52.957] [WARN] default - Authorization failed: No token provided
[2025-07-09T17:21:52.960] [WARN] default - Authorization failed: No token provided
[2025-07-09T17:21:53.479] [WARN] default - Authorization failed: No token provided
[2025-07-09T17:21:53.481] [WARN] default - Authorization failed: No token provided
[2025-07-09T17:21:53.852] [WARN] default - Authorization failed: No token provided
[2025-07-09T17:21:53.854] [WARN] default - Authorization failed: No token provided
[2025-07-09T17:21:54.016] [WARN] default - Authorization failed: No token provided
[2025-07-09T17:21:54.020] [WARN] default - Authorization failed: No token provided
[2025-07-09T17:21:54.199] [WARN] default - Authorization failed: No token provided
[2025-07-09T17:21:54.202] [WARN] default - Authorization failed: No token provided
[2025-07-09T17:21:54.376] [WARN] default - Authorization failed: No token provided
[2025-07-09T17:21:54.379] [WARN] default - Authorization failed: No token provided
[2025-07-09T17:21:54.546] [WARN] default - Authorization failed: No token provided
[2025-07-09T17:21:54.549] [WARN] default - Authorization failed: No token provided
[2025-07-09T17:21:54.708] [WARN] default - Authorization failed: No token provided
[2025-07-09T17:21:54.711] [WARN] default - Authorization failed: No token provided
[2025-07-09T17:21:54.894] [WARN] default - Authorization failed: No token provided
[2025-07-09T17:21:54.896] [WARN] default - Authorization failed: No token provided
[2025-07-09T17:21:55.050] [WARN] default - Authorization failed: No token provided
[2025-07-09T17:21:55.053] [WARN] default - Authorization failed: No token provided
[2025-07-09T17:21:55.202] [WARN] default - Authorization failed: No token provided
[2025-07-09T17:21:55.204] [WARN] default - Authorization failed: No token provided
[2025-07-09T17:21:55.365] [WARN] default - Authorization failed: No token provided
[2025-07-09T17:21:55.367] [WARN] default - Authorization failed: No token provided
[2025-07-09T17:21:55.514] [WARN] default - Authorization failed: No token provided
[2025-07-09T17:21:55.516] [WARN] default - Authorization failed: No token provided
[2025-07-09T17:21:55.667] [WARN] default - Authorization failed: No token provided
[2025-07-09T17:21:55.670] [WARN] default - Authorization failed: No token provided
[2025-07-09T17:21:55.848] [WARN] default - Authorization failed: No token provided
[2025-07-09T17:21:55.850] [WARN] default - Authorization failed: No token provided
[2025-07-09T17:21:56.018] [WARN] default - Authorization failed: No token provided
[2025-07-09T17:21:56.021] [WARN] default - Authorization failed: No token provided
[2025-07-09T17:21:56.172] [WARN] default - Authorization failed: No token provided
[2025-07-09T17:21:56.174] [WARN] default - Authorization failed: No token provided
[2025-07-09T17:21:56.315] [WARN] default - Authorization failed: No token provided
[2025-07-09T17:21:56.317] [WARN] default - Authorization failed: No token provided
[2025-07-09T17:21:56.471] [WARN] default - Authorization failed: No token provided
[2025-07-09T17:21:56.472] [WARN] default - Authorization failed: No token provided
[2025-07-09T17:21:56.631] [WARN] default - Authorization failed: No token provided
[2025-07-09T17:21:56.633] [WARN] default - Authorization failed: No token provided
[2025-07-09T17:21:56.785] [WARN] default - Authorization failed: No token provided
[2025-07-09T17:21:56.787] [WARN] default - Authorization failed: No token provided
[2025-07-09T17:21:56.926] [WARN] default - Authorization failed: No token provided
[2025-07-09T17:21:56.929] [WARN] default - Authorization failed: No token provided
[2025-07-09T17:21:57.075] [WARN] default - Authorization failed: No token provided
[2025-07-09T17:21:57.077] [WARN] default - Authorization failed: No token provided
[2025-07-09T17:21:57.218] [WARN] default - Authorization failed: No token provided
[2025-07-09T17:21:57.220] [WARN] default - Authorization failed: No token provided
[2025-07-09T17:21:57.364] [WARN] default - Authorization failed: No token provided
[2025-07-09T17:21:57.366] [WARN] default - Authorization failed: No token provided
[2025-07-09T17:21:57.507] [WARN] default - Authorization failed: No token provided
[2025-07-09T17:21:57.509] [WARN] default - Authorization failed: No token provided
[2025-07-09T17:21:57.668] [WARN] default - Authorization failed: No token provided
[2025-07-09T17:21:57.670] [WARN] default - Authorization failed: No token provided
[2025-07-09T17:21:57.827] [WARN] default - Authorization failed: No token provided
[2025-07-09T17:21:57.829] [WARN] default - Authorization failed: No token provided
[2025-07-09T17:21:57.999] [WARN] default - Authorization failed: No token provided
[2025-07-09T17:21:58.002] [WARN] default - Authorization failed: No token provided
[2025-07-09T17:21:58.145] [WARN] default - Authorization failed: No token provided
[2025-07-09T17:21:58.147] [WARN] default - Authorization failed: No token provided
[2025-07-09T17:21:58.288] [WARN] default - Authorization failed: No token provided
[2025-07-09T17:21:58.289] [WARN] default - Authorization failed: No token provided
[2025-07-09T17:21:58.435] [WARN] default - Authorization failed: No token provided
[2025-07-09T17:21:58.438] [WARN] default - Authorization failed: No token provided
[2025-07-09T17:21:58.624] [WARN] default - Authorization failed: No token provided
[2025-07-09T17:21:58.626] [WARN] default - Authorization failed: No token provided
[2025-07-09T17:21:58.796] [WARN] default - Authorization failed: No token provided
[2025-07-09T17:21:58.798] [WARN] default - Authorization failed: No token provided
[2025-07-09T17:21:59.251] [WARN] default - Authorization failed: No token provided
[2025-07-09T17:21:59.254] [WARN] default - Authorization failed: No token provided
[2025-07-09T17:22:03.388] [WARN] default - Authorization failed: No token provided
[2025-07-09T17:22:03.391] [WARN] default - Authorization failed: No token provided
[2025-07-09T17:22:05.721] [WARN] default - Authorization failed: No token provided
[2025-07-09T17:22:05.725] [WARN] default - Authorization failed: No token provided
[2025-07-09T17:22:12.431] [WARN] default - Authorization failed: No token provided
[2025-07-09T17:22:12.435] [WARN] default - Authorization failed: No token provided
[2025-07-09T17:22:14.957] [WARN] default - Authorization failed: No token provided
[2025-07-09T17:22:14.960] [WARN] default - Authorization failed: No token provided
[2025-07-09T17:22:20.212] [WARN] default - Authorization failed: No token provided
[2025-07-09T17:22:20.214] [WARN] default - Authorization failed: No token provided
[2025-07-09T17:22:23.944] [WARN] default - Authorization failed: No token provided
[2025-07-09T17:22:23.947] [WARN] default - Authorization failed: No token provided
[2025-07-09T17:22:29.401] [WARN] default - Authorization failed: No token provided
[2025-07-09T17:22:29.404] [WARN] default - Authorization failed: No token provided
[2025-07-09T17:22:33.082] [WARN] default - Authorization failed: No token provided
[2025-07-09T17:22:33.084] [WARN] default - Authorization failed: No token provided
[2025-07-09T17:22:37.105] [WARN] default - Authorization failed: No token provided
[2025-07-09T17:22:37.113] [WARN] default - Authorization failed: No token provided
[2025-07-09T17:22:40.754] [WARN] default - Authorization failed: No token provided
[2025-07-09T17:22:40.756] [WARN] default - Authorization failed: No token provided
[2025-07-09T17:22:44.625] [WARN] default - Authorization failed: No token provided
[2025-07-09T17:22:44.627] [WARN] default - Authorization failed: No token provided
[2025-07-09T17:22:48.620] [WARN] default - Authorization failed: No token provided
[2025-07-09T17:22:48.623] [WARN] default - Authorization failed: No token provided
[2025-07-09T17:22:52.732] [WARN] default - Authorization failed: No token provided
[2025-07-09T17:22:52.735] [WARN] default - Authorization failed: No token provided
[2025-07-09T17:22:56.732] [WARN] default - Authorization failed: No token provided
[2025-07-09T17:22:56.736] [WARN] default - Authorization failed: No token provided
[2025-07-09T17:23:00.906] [WARN] default - Authorization failed: No token provided
[2025-07-09T17:23:00.910] [WARN] default - Authorization failed: No token provided
[2025-07-09T17:23:04.958] [WARN] default - Authorization failed: No token provided
[2025-07-09T17:23:04.960] [WARN] default - Authorization failed: No token provided
[2025-07-09T17:23:08.895] [WARN] default - Authorization failed: No token provided
[2025-07-09T17:23:08.898] [WARN] default - Authorization failed: No token provided
[2025-07-09T17:23:12.985] [WARN] default - Authorization failed: No token provided
[2025-07-09T17:23:12.988] [WARN] default - Authorization failed: No token provided
[2025-07-09T17:23:17.597] [WARN] default - Authorization failed: No token provided
[2025-07-09T17:23:17.600] [WARN] default - Authorization failed: No token provided
[2025-07-09T17:23:23.233] [WARN] default - Authorization failed: No token provided
[2025-07-09T17:23:23.237] [WARN] default - Authorization failed: No token provided
[2025-07-09T17:23:29.204] [WARN] default - Authorization failed: No token provided
[2025-07-09T17:23:29.206] [WARN] default - Authorization failed: No token provided
[2025-07-09T17:23:33.686] [WARN] default - Authorization failed: No token provided
[2025-07-09T17:23:33.691] [WARN] default - Authorization failed: No token provided
[2025-07-09T17:23:40.306] [WARN] default - Authorization failed: No token provided
[2025-07-09T17:23:40.307] [WARN] default - Authorization failed: No token provided
[2025-07-09T17:23:46.419] [WARN] default - Authorization failed: No token provided
[2025-07-09T17:23:46.421] [WARN] default - Authorization failed: No token provided
[2025-07-09T17:23:51.831] [WARN] default - Authorization failed: No token provided
[2025-07-09T17:23:51.833] [WARN] default - Authorization failed: No token provided
[2025-07-09T17:23:57.676] [WARN] default - Authorization failed: No token provided
[2025-07-09T17:23:57.678] [WARN] default - Authorization failed: No token provided
[2025-07-09T17:24:03.203] [WARN] default - Authorization failed: No token provided
[2025-07-09T17:24:03.205] [WARN] default - Authorization failed: No token provided
[2025-07-09T17:24:07.477] [WARN] default - Authorization failed: No token provided
[2025-07-09T17:24:07.479] [WARN] default - Authorization failed: No token provided
[2025-07-09T17:24:11.928] [WARN] default - Authorization failed: No token provided
[2025-07-09T17:24:11.930] [WARN] default - Authorization failed: No token provided
[2025-07-09T17:24:16.686] [WARN] default - Authorization failed: No token provided
[2025-07-09T17:24:16.688] [WARN] default - Authorization failed: No token provided
[2025-07-09T17:24:21.223] [WARN] default - Authorization failed: No token provided
[2025-07-09T17:24:21.225] [WARN] default - Authorization failed: No token provided
[2025-07-09T17:24:25.967] [WARN] default - Authorization failed: No token provided
[2025-07-09T17:24:25.969] [WARN] default - Authorization failed: No token provided
[2025-07-09T17:24:30.884] [WARN] default - Authorization failed: No token provided
[2025-07-09T17:24:30.887] [WARN] default - Authorization failed: No token provided
[2025-07-09T17:24:34.940] [WARN] default - Authorization failed: No token provided
[2025-07-09T17:24:34.943] [WARN] default - Authorization failed: No token provided
[2025-07-09T17:24:54.666] [WARN] default - Authorization failed: No token provided
[2025-07-09T17:24:54.677] [WARN] default - Authorization failed: No token provided
[2025-07-09T17:24:59.648] [WARN] default - Authorization failed: No token provided
[2025-07-09T17:24:59.652] [WARN] default - Authorization failed: No token provided
[2025-07-09T17:25:03.717] [WARN] default - Authorization failed: No token provided
[2025-07-09T17:25:03.722] [WARN] default - Authorization failed: No token provided
[2025-07-09T17:25:09.078] [WARN] default - Authorization failed: No token provided
[2025-07-09T17:25:09.082] [WARN] default - Authorization failed: No token provided
[2025-07-09T17:25:13.172] [WARN] default - Authorization failed: No token provided
[2025-07-09T17:25:13.178] [WARN] default - Authorization failed: No token provided
[2025-07-09T17:26:42.421] [WARN] default - Authorization failed: No token provided
[2025-07-09T17:26:42.424] [WARN] default - Authorization failed: No token provided
[2025-07-09T17:26:43.056] [WARN] default - Authorization failed: No token provided
[2025-07-09T17:26:43.059] [WARN] default - Authorization failed: No token provided
[2025-07-09T17:26:43.343] [WARN] default - Authorization failed: No token provided
[2025-07-09T17:26:43.346] [WARN] default - Authorization failed: No token provided
[2025-07-09T17:26:43.542] [WARN] default - Authorization failed: No token provided
[2025-07-09T17:26:43.546] [WARN] default - Authorization failed: No token provided
[2025-07-09T17:26:43.755] [WARN] default - Authorization failed: No token provided
[2025-07-09T17:26:43.757] [WARN] default - Authorization failed: No token provided
[2025-07-09T17:26:43.943] [WARN] default - Authorization failed: No token provided
[2025-07-09T17:26:43.946] [WARN] default - Authorization failed: No token provided
[2025-07-09T17:26:44.127] [WARN] default - Authorization failed: No token provided
[2025-07-09T17:26:44.130] [WARN] default - Authorization failed: No token provided
[2025-07-09T17:26:44.311] [WARN] default - Authorization failed: No token provided
[2025-07-09T17:26:44.314] [WARN] default - Authorization failed: No token provided
[2025-07-09T17:26:44.477] [WARN] default - Authorization failed: No token provided
[2025-07-09T17:26:44.479] [WARN] default - Authorization failed: No token provided
[2025-07-09T17:26:44.640] [WARN] default - Authorization failed: No token provided
[2025-07-09T17:26:44.643] [WARN] default - Authorization failed: No token provided
[2025-07-09T17:26:44.790] [WARN] default - Authorization failed: No token provided
[2025-07-09T17:26:44.792] [WARN] default - Authorization failed: No token provided
[2025-07-09T17:26:44.965] [WARN] default - Authorization failed: No token provided
[2025-07-09T17:26:44.967] [WARN] default - Authorization failed: No token provided
[2025-07-09T17:26:45.140] [WARN] default - Authorization failed: No token provided
[2025-07-09T17:26:45.142] [WARN] default - Authorization failed: No token provided
[2025-07-09T17:26:47.544] [WARN] default - Authorization failed: No token provided
[2025-07-09T17:26:47.547] [WARN] default - Authorization failed: No token provided
[2025-07-09T17:26:51.977] [WARN] default - Authorization failed: No token provided
[2025-07-09T17:26:51.980] [WARN] default - Authorization failed: No token provided
[2025-07-09T17:27:52.267] [WARN] default - Authorization failed: No token provided
[2025-07-09T17:29:02.250] [WARN] default - Authorization failed: No token provided
[2025-07-09T17:29:02.253] [WARN] default - Authorization failed: No token provided
[2025-07-09T17:29:05.308] [WARN] default - Authorization failed: No token provided
[2025-07-09T17:29:05.310] [WARN] default - Authorization failed: No token provided
[2025-07-09T17:29:08.713] [WARN] default - Authorization failed: No token provided
[2025-07-09T17:29:08.715] [WARN] default - Authorization failed: No token provided
[2025-07-09T17:29:39.724] [WARN] default - Authorization failed: No token provided
[2025-07-09T17:29:39.727] [WARN] default - Authorization failed: No token provided
[2025-07-09T17:29:42.385] [WARN] default - Authorization failed: No token provided
[2025-07-09T17:29:42.388] [WARN] default - Authorization failed: No token provided
